<P>On Wednesday, we have to mop<P>On Friday, we have to wash windows<P>On Monday, we have to vacuum