This is before the include
Include00a PASSED

This is after the include

